
> Configure project :app
WARNING: The option setting 'android.disallowKotlinSourceSets=false' is experimental.
The current default is 'true'.

> Task :app:preBuild UP-TO-DATE
> Task :app:preDebugBuild UP-TO-DATE
> Task :app:generateDebugBuildConfig UP-TO-DATE
> Task :app:generateDebugResources UP-TO-DATE
> Task :app:processDebugGoogleServices UP-TO-DATE
> Task :app:packageDebugResources UP-TO-DATE
> Task :app:processDebugNavigationResources UP-TO-DATE
> Task :app:parseDebugLocalResources UP-TO-DATE
> Task :app:generateDebugRFile UP-TO-DATE
> Task :app:kspDebugKotlin UP-TO-DATE
.\gradlew : e: file:///C:/Users/Ragav/Desktop/AEGIS/aegis-android/app/src/main/java/com/aegis/app/data/repository/UserD
ataRepository.kt:8:47 Unresolved reference 'Conflict'.
At line:1 char:63
+ ... oid Studio\jbr"; .\gradlew compileDebugKotlin > build_errors.txt 2>&1
+                      ~~~~~~~~~~~~~~~~~~~~~~~~~~~~~~~~~~~~~~~~~~~~~~~~~~~~
    + CategoryInfo          : NotSpecified: (e: file:///C:/U...nce 'Conflict'.:String) [], RemoteException
    + FullyQualifiedErrorId : NativeCommandError
 
e: file:///C:/Users/Ragav/Desktop/AEGIS/aegis-android/app/src/main/java/com/aegis/app/ui/screens/ArticleDetailScreen.kt
:60:40 Unresolved reference 'collectAsStateWithLifecycle'.
e: file:///C:/Users/Ragav/Desktop/AEGIS/aegis-android/app/src/main/java/com/aegis/app/ui/screens/ArticleDetailScreen.kt
:61:57 Unresolved reference 'collectAsStateWithLifecycle'.
e: file:///C:/Users/Ragav/Desktop/AEGIS/aegis-android/app/src/main/java/com/aegis/app/ui/screens/ArticleDetailScreen.kt
:62:48 Unresolved reference 'collectAsStateWithLifecycle'.
e: file:///C:/Users/Ragav/Desktop/AEGIS/aegis-android/app/src/main/java/com/aegis/app/ui/screens/ArticleDetailScreen.kt
:119:46 Unresolved reference 'liked'.
e: file:///C:/Users/Ragav/Desktop/AEGIS/aegis-android/app/src/main/java/com/aegis/app/ui/screens/ArticleDetailScreen.kt
:121:53 Unresolved reference 'liked'.
e: file:///C:/Users/Ragav/Desktop/AEGIS/aegis-android/app/src/main/java/com/aegis/app/ui/screens/ArticleDetailScreen.kt
:126:46 Unresolved reference 'bookmarked'.
e: file:///C:/Users/Ragav/Desktop/AEGIS/aegis-android/app/src/main/java/com/aegis/app/ui/screens/ArticleDetailScreen.kt
:128:53 Unresolved reference 'bookmarked'.
e: file:///C:/Users/Ragav/Desktop/AEGIS/aegis-android/app/src/main/java/com/aegis/app/ui/screens/AuthScreen.kt:22:38 
Unresolved reference 'collectAsStateWithLifecycle'.
e: file:///C:/Users/Ragav/Desktop/AEGIS/aegis-android/app/src/main/java/com/aegis/app/ui/screens/ChatScreen.kt:55:40 
Unresolved reference 'collectAsStateWithLifecycle'.
e: file:///C:/Users/Ragav/Desktop/AEGIS/aegis-android/app/src/main/java/com/aegis/app/ui/screens/ChatScreen.kt:56:42 
Unresolved reference 'collectAsStateWithLifecycle'.
e: file:///C:/Users/Ragav/Desktop/AEGIS/aegis-android/app/src/main/java/com/aegis/app/ui/screens/ChatScreen.kt:64:54 
Unresolved reference 'collectAsStateWithLifecycle'.
e: file:///C:/Users/Ragav/Desktop/AEGIS/aegis-android/app/src/main/java/com/aegis/app/ui/screens/ChatScreen.kt:65:54 
Unresolved reference 'collectAsStateWithLifecycle'.
e: file:///C:/Users/Ragav/Desktop/AEGIS/aegis-android/app/src/main/java/com/aegis/app/ui/screens/ChatScreen.kt:91:29 
Function invocation 'size(...)' expected.
e: file:///C:/Users/Ragav/Desktop/AEGIS/aegis-android/app/src/main/java/com/aegis/app/ui/screens/ChatScreen.kt:93:52 
Function invocation 'size(...)' expected.
e: file:///C:/Users/Ragav/Desktop/AEGIS/aegis-android/app/src/main/java/com/aegis/app/ui/screens/ChatScreen.kt:97:22 
Unresolved reference 'role'.
e: file:///C:/Users/Ragav/Desktop/AEGIS/aegis-android/app/src/main/java/com/aegis/app/ui/screens/ChatScreen.kt:97:60 
Condition type mismatch: inferred type is 'WideNavigationRailValue' but 'Boolean' was expected.

> Task :app:compileDebugKotlin FAILED
e: file:///C:/Users/Ragav/Desktop/AEGIS/aegis-android/app/src/main/java/com/aegis/app/ui/screens/ChatScreen.kt:97:66 
Unresolved reference 'isLoading'.
e: file:///C:/Users/Ragav/Desktop/AEGIS/aegis-android/app/src/main/java/com/aegis/app/ui/screens/ChatScreen.kt:98:47 
Unresolved reference 'content'.
e: file:///C:/Users/Ragav/Desktop/AEGIS/aegis-android/app/src/main/java/com/aegis/app/ui/screens/ChatScreen.kt:147:39 
Cannot access 'fun WideNavigationRailValue.not(): WideNavigationRailValue': it is internal in file.
e: file:///C:/Users/Ragav/Desktop/AEGIS/aegis-android/app/src/main/java/com/aegis/app/ui/screens/ChatScreen.kt:147:39 
Condition type mismatch: inferred type is 'WideNavigationRailValue' but 'Boolean' was expected.
e: file:///C:/Users/Ragav/Desktop/AEGIS/aegis-android/app/src/main/java/com/aegis/app/ui/screens/ChatScreen.kt:206:32 
Argument type mismatch: actual type is 'Int', but 'ChatUiMessage' was expected.
e: 
file:///C:/Users/Ragav/Desktop/AEGIS/aegis-android/app/src/main/java/com/aegis/app/ui/screens/DashboardScreen.kt:69:38 
Unresolved reference 'collectAsStateWithLifecycle'.
e: 
file:///C:/Users/Ragav/Desktop/AEGIS/aegis-android/app/src/main/java/com/aegis/app/ui/screens/DashboardScreen.kt:93:76 
Unresolved reference 'PlayArrow'.
e: file:///C:/Users/Ragav/Desktop/AEGIS/aegis-android/app/src/main/java/com/aegis/app/ui/screens/NotificationsScreen.kt
:54:38 Unresolved reference 'collectAsStateWithLifecycle'.
e: file:///C:/Users/Ragav/Desktop/AEGIS/aegis-android/app/src/main/java/com/aegis/app/ui/screens/OnboardingScreen.kt:52
:34 Unresolved reference 'collectAsStateWithLifecycle'.
e: file:///C:/Users/Ragav/Desktop/AEGIS/aegis-android/app/src/main/java/com/aegis/app/ui/screens/OnboardingScreen.kt:53
:34 Unresolved reference 'collectAsStateWithLifecycle'.
e: file:///C:/Users/Ragav/Desktop/AEGIS/aegis-android/app/src/main/java/com/aegis/app/ui/screens/OnboardingScreen.kt:11
2:42 Unresolved reference 'modules'.
e: file:///C:/Users/Ragav/Desktop/AEGIS/aegis-android/app/src/main/java/com/aegis/app/ui/screens/OnboardingScreen.kt:12
6:26 Unresolved reference 'modules'.
e: file:///C:/Users/Ragav/Desktop/AEGIS/aegis-android/app/src/main/java/com/aegis/app/ui/screens/OnboardingScreen.kt:13
6:33 Unresolved reference 'modules'.
e: 
file:///C:/Users/Ragav/Desktop/AEGIS/aegis-android/app/src/main/java/com/aegis/app/ui/screens/SettingsScreen.kt:38:42 
Unresolved reference 'collectAsStateWithLifecycle'.
e: 
file:///C:/Users/Ragav/Desktop/AEGIS/aegis-android/app/src/main/java/com/aegis/app/ui/screens/SettingsScreen.kt:39:39 
Unresolved reference 'collectAsStateWithLifecycle'.
e: 
file:///C:/Users/Ragav/Desktop/AEGIS/aegis-android/app/src/main/java/com/aegis/app/ui/screens/SettingsScreen.kt:40:43 
Unresolved reference 'collectAsStateWithLifecycle'.
e: 
file:///C:/Users/Ragav/Desktop/AEGIS/aegis-android/app/src/main/java/com/aegis/app/ui/screens/SettingsScreen.kt:47:13 
Cannot access 'fun WideNavigationRailValue.not(): WideNavigationRailValue': it is internal in file.
e: 
file:///C:/Users/Ragav/Desktop/AEGIS/aegis-android/app/src/main/java/com/aegis/app/ui/screens/SettingsScreen.kt:47:13 
Condition type mismatch: inferred type is 'WideNavigationRailValue' but 'Boolean' was expected.
e: 
file:///C:/Users/Ragav/Desktop/AEGIS/aegis-android/app/src/main/java/com/aegis/app/ui/screens/SettingsScreen.kt:119:17 
Cannot access 'fun WideNavigationRailValue.not(): WideNavigationRailValue': it is internal in file.
e: 
file:///C:/Users/Ragav/Desktop/AEGIS/aegis-android/app/src/main/java/com/aegis/app/ui/screens/SettingsScreen.kt:119:17 
Condition type mismatch: inferred type is 'WideNavigationRailValue' but 'Boolean' was expected.
e: 
file:///C:/Users/Ragav/Desktop/AEGIS/aegis-android/app/src/main/java/com/aegis/app/ui/screens/SettingsScreen.kt:126:73 
Unresolved reference 'modules'.
e: 
file:///C:/Users/Ragav/Desktop/AEGIS/aegis-android/app/src/main/java/com/aegis/app/ui/screens/SettingsScreen.kt:134:45 
Unresolved reference 'notificationFlash'.
e: 
file:///C:/Users/Ragav/Desktop/AEGIS/aegis-android/app/src/main/java/com/aegis/app/ui/screens/SettingsScreen.kt:140:45 
Unresolved reference 'notificationPriority'.
e: 
file:///C:/Users/Ragav/Desktop/AEGIS/aegis-android/app/src/main/java/com/aegis/app/ui/screens/SettingsScreen.kt:146:45 
Unresolved reference 'notificationRoutine'.
e: 
file:///C:/Users/Ragav/Desktop/AEGIS/aegis-android/app/src/main/java/com/aegis/app/ui/screens/SettingsScreen.kt:164:45 
Unresolved reference 'dndEnabled'.
e: 
file:///C:/Users/Ragav/Desktop/AEGIS/aegis-android/app/src/main/java/com/aegis/app/ui/screens/SettingsScreen.kt:178:47 
Unresolved reference 'ttsSpeed'.
e: 
file:///C:/Users/Ragav/Desktop/AEGIS/aegis-android/app/src/main/java/com/aegis/app/ui/screens/SettingsScreen.kt:194:29 
Expression 'weight' of type 'Float' cannot be invoked as a function. Function 'invoke()' is not found.
e: 
file:///C:/Users/Ragav/Desktop/AEGIS/aegis-android/app/src/main/java/com/aegis/app/ui/screens/SettingsScreen.kt:214:1 
Syntax error: Expecting a top level declaration.

FAILURE: Build failed with an exception.

* What went wrong:
Execution failed for task ':app:compileDebugKotlin'.
> A failure occurred while executing 
org.jetbrains.kotlin.compilerRunner.GradleCompilerRunnerWithWorkers$GradleKotlinCompilerWorkAction
   > Compilation error. See log for more details

* Try:
> Run with --stacktrace option to get the stack trace.
> Run with --info or --debug option to get more log output.
> Run with --scan to get full insights from a Build Scan (powered by Develocity).
9 actionable tasks: 1 executed, 8 up-to-date
> Get more help at https://help.gradle.org.

BUILD FAILED in 7s
